ARM GAS  C:\Users\jajuv\AppData\Local\Temp\cc110o0C.s 			page 1


   1              		.syntax unified
   2              		.cpu cortex-m3
   3              		.fpu softvfp
   4              		.eabi_attribute 20, 1
   5              		.eabi_attribute 21, 1
   6              		.eabi_attribute 23, 3
   7              		.eabi_attribute 24, 1
   8              		.eabi_attribute 25, 1
   9              		.eabi_attribute 26, 1
  10              		.eabi_attribute 30, 1
  11              		.eabi_attribute 34, 1
  12              		.eabi_attribute 18, 4
  13              		.thumb
  14              		.syntax unified
  15              		.file	"isr_1.c"
  16              		.text
  17              	.Ltext0:
  18              		.cfi_sections	.debug_frame
  19              		.section	.text.isr_1_Interrupt,"ax",%progbits
  20              		.align	2
  21              		.global	isr_1_Interrupt
  22              		.thumb
  23              		.thumb_func
  24              		.type	isr_1_Interrupt, %function
  25              	isr_1_Interrupt:
  26              	.LFB3:
  27              		.file 1 "Generated_Source\\PSoC5\\isr_1.c"
   1:Generated_Source\PSoC5/isr_1.c **** /*******************************************************************************
   2:Generated_Source\PSoC5/isr_1.c **** * File Name: isr_1.c  
   3:Generated_Source\PSoC5/isr_1.c **** * Version 1.70
   4:Generated_Source\PSoC5/isr_1.c **** *
   5:Generated_Source\PSoC5/isr_1.c **** *  Description:
   6:Generated_Source\PSoC5/isr_1.c **** *   API for controlling the state of an interrupt.
   7:Generated_Source\PSoC5/isr_1.c **** *
   8:Generated_Source\PSoC5/isr_1.c **** *
   9:Generated_Source\PSoC5/isr_1.c **** *  Note:
  10:Generated_Source\PSoC5/isr_1.c **** *
  11:Generated_Source\PSoC5/isr_1.c **** ********************************************************************************
  12:Generated_Source\PSoC5/isr_1.c **** * Copyright 2008-2015, Cypress Semiconductor Corporation.  All rights reserved.
  13:Generated_Source\PSoC5/isr_1.c **** * You may use this file only in accordance with the license, terms, conditions, 
  14:Generated_Source\PSoC5/isr_1.c **** * disclaimers, and limitations in the end user license agreement accompanying 
  15:Generated_Source\PSoC5/isr_1.c **** * the software package with which this file was provided.
  16:Generated_Source\PSoC5/isr_1.c **** *******************************************************************************/
  17:Generated_Source\PSoC5/isr_1.c **** 
  18:Generated_Source\PSoC5/isr_1.c **** 
  19:Generated_Source\PSoC5/isr_1.c **** #include <cydevice_trm.h>
  20:Generated_Source\PSoC5/isr_1.c **** #include <CyLib.h>
  21:Generated_Source\PSoC5/isr_1.c **** #include <isr_1.h>
  22:Generated_Source\PSoC5/isr_1.c **** #include "cyapicallbacks.h"
  23:Generated_Source\PSoC5/isr_1.c **** 
  24:Generated_Source\PSoC5/isr_1.c **** #if !defined(isr_1__REMOVED) /* Check for removal by optimization */
  25:Generated_Source\PSoC5/isr_1.c **** 
  26:Generated_Source\PSoC5/isr_1.c **** /*******************************************************************************
  27:Generated_Source\PSoC5/isr_1.c **** *  Place your includes, defines and code here 
  28:Generated_Source\PSoC5/isr_1.c **** ********************************************************************************/
  29:Generated_Source\PSoC5/isr_1.c **** /* `#START isr_1_intc` */
  30:Generated_Source\PSoC5/isr_1.c **** 
ARM GAS  C:\Users\jajuv\AppData\Local\Temp\cc110o0C.s 			page 2


  31:Generated_Source\PSoC5/isr_1.c **** /* `#END` */
  32:Generated_Source\PSoC5/isr_1.c **** 
  33:Generated_Source\PSoC5/isr_1.c **** #ifndef CYINT_IRQ_BASE
  34:Generated_Source\PSoC5/isr_1.c **** #define CYINT_IRQ_BASE      16
  35:Generated_Source\PSoC5/isr_1.c **** #endif /* CYINT_IRQ_BASE */
  36:Generated_Source\PSoC5/isr_1.c **** #ifndef CYINT_VECT_TABLE
  37:Generated_Source\PSoC5/isr_1.c **** #define CYINT_VECT_TABLE    ((cyisraddress **) CYREG_NVIC_VECT_OFFSET)
  38:Generated_Source\PSoC5/isr_1.c **** #endif /* CYINT_VECT_TABLE */
  39:Generated_Source\PSoC5/isr_1.c **** 
  40:Generated_Source\PSoC5/isr_1.c **** /* Declared in startup, used to set unused interrupts to. */
  41:Generated_Source\PSoC5/isr_1.c **** CY_ISR_PROTO(IntDefaultHandler);
  42:Generated_Source\PSoC5/isr_1.c **** 
  43:Generated_Source\PSoC5/isr_1.c **** 
  44:Generated_Source\PSoC5/isr_1.c **** extern int8 kill_flag;
  45:Generated_Source\PSoC5/isr_1.c **** 
  46:Generated_Source\PSoC5/isr_1.c **** /*******************************************************************************
  47:Generated_Source\PSoC5/isr_1.c **** * Function Name: isr_1_Start
  48:Generated_Source\PSoC5/isr_1.c **** ********************************************************************************
  49:Generated_Source\PSoC5/isr_1.c **** *
  50:Generated_Source\PSoC5/isr_1.c **** * Summary:
  51:Generated_Source\PSoC5/isr_1.c **** *  Set up the interrupt and enable it. This function disables the interrupt, 
  52:Generated_Source\PSoC5/isr_1.c **** *  sets the default interrupt vector, sets the priority from the value in the
  53:Generated_Source\PSoC5/isr_1.c **** *  Design Wide Resources Interrupt Editor, then enables the interrupt to the 
  54:Generated_Source\PSoC5/isr_1.c **** *  interrupt controller.
  55:Generated_Source\PSoC5/isr_1.c **** *
  56:Generated_Source\PSoC5/isr_1.c **** * Parameters:  
  57:Generated_Source\PSoC5/isr_1.c **** *   None
  58:Generated_Source\PSoC5/isr_1.c **** *
  59:Generated_Source\PSoC5/isr_1.c **** * Return:
  60:Generated_Source\PSoC5/isr_1.c **** *   None
  61:Generated_Source\PSoC5/isr_1.c **** *
  62:Generated_Source\PSoC5/isr_1.c **** *******************************************************************************/
  63:Generated_Source\PSoC5/isr_1.c **** void isr_1_Start(void)
  64:Generated_Source\PSoC5/isr_1.c **** {
  65:Generated_Source\PSoC5/isr_1.c ****     /* For all we know the interrupt is active. */
  66:Generated_Source\PSoC5/isr_1.c ****     isr_1_Disable();
  67:Generated_Source\PSoC5/isr_1.c **** 
  68:Generated_Source\PSoC5/isr_1.c ****     /* Set the ISR to point to the isr_1 Interrupt. */
  69:Generated_Source\PSoC5/isr_1.c ****     isr_1_SetVector(&isr_1_Interrupt);
  70:Generated_Source\PSoC5/isr_1.c **** 
  71:Generated_Source\PSoC5/isr_1.c ****     /* Set the priority. */
  72:Generated_Source\PSoC5/isr_1.c ****     isr_1_SetPriority((uint8)isr_1_INTC_PRIOR_NUMBER);
  73:Generated_Source\PSoC5/isr_1.c **** 
  74:Generated_Source\PSoC5/isr_1.c ****     /* Enable it. */
  75:Generated_Source\PSoC5/isr_1.c ****     isr_1_Enable();
  76:Generated_Source\PSoC5/isr_1.c **** }
  77:Generated_Source\PSoC5/isr_1.c **** 
  78:Generated_Source\PSoC5/isr_1.c **** 
  79:Generated_Source\PSoC5/isr_1.c **** /*******************************************************************************
  80:Generated_Source\PSoC5/isr_1.c **** * Function Name: isr_1_StartEx
  81:Generated_Source\PSoC5/isr_1.c **** ********************************************************************************
  82:Generated_Source\PSoC5/isr_1.c **** *
  83:Generated_Source\PSoC5/isr_1.c **** * Summary:
  84:Generated_Source\PSoC5/isr_1.c **** *  Sets up the interrupt and enables it. This function disables the interrupt,
  85:Generated_Source\PSoC5/isr_1.c **** *  sets the interrupt vector based on the address passed in, sets the priority 
  86:Generated_Source\PSoC5/isr_1.c **** *  from the value in the Design Wide Resources Interrupt Editor, then enables 
  87:Generated_Source\PSoC5/isr_1.c **** *  the interrupt to the interrupt controller.
ARM GAS  C:\Users\jajuv\AppData\Local\Temp\cc110o0C.s 			page 3


  88:Generated_Source\PSoC5/isr_1.c **** *  
  89:Generated_Source\PSoC5/isr_1.c **** *  When defining ISR functions, the CY_ISR and CY_ISR_PROTO macros should be 
  90:Generated_Source\PSoC5/isr_1.c **** *  used to provide consistent definition across compilers:
  91:Generated_Source\PSoC5/isr_1.c **** *  
  92:Generated_Source\PSoC5/isr_1.c **** *  Function definition example:
  93:Generated_Source\PSoC5/isr_1.c **** *   CY_ISR(MyISR)
  94:Generated_Source\PSoC5/isr_1.c **** *   {
  95:Generated_Source\PSoC5/isr_1.c **** *   }
  96:Generated_Source\PSoC5/isr_1.c **** *   Function prototype example:
  97:Generated_Source\PSoC5/isr_1.c **** *   CY_ISR_PROTO(MyISR);
  98:Generated_Source\PSoC5/isr_1.c **** *
  99:Generated_Source\PSoC5/isr_1.c **** * Parameters:  
 100:Generated_Source\PSoC5/isr_1.c **** *   address: Address of the ISR to set in the interrupt vector table.
 101:Generated_Source\PSoC5/isr_1.c **** *
 102:Generated_Source\PSoC5/isr_1.c **** * Return:
 103:Generated_Source\PSoC5/isr_1.c **** *   None
 104:Generated_Source\PSoC5/isr_1.c **** *
 105:Generated_Source\PSoC5/isr_1.c **** *******************************************************************************/
 106:Generated_Source\PSoC5/isr_1.c **** void isr_1_StartEx(cyisraddress address)
 107:Generated_Source\PSoC5/isr_1.c **** {
 108:Generated_Source\PSoC5/isr_1.c ****     /* For all we know the interrupt is active. */
 109:Generated_Source\PSoC5/isr_1.c ****     isr_1_Disable();
 110:Generated_Source\PSoC5/isr_1.c **** 
 111:Generated_Source\PSoC5/isr_1.c ****     /* Set the ISR to point to the isr_1 Interrupt. */
 112:Generated_Source\PSoC5/isr_1.c ****     isr_1_SetVector(address);
 113:Generated_Source\PSoC5/isr_1.c **** 
 114:Generated_Source\PSoC5/isr_1.c ****     /* Set the priority. */
 115:Generated_Source\PSoC5/isr_1.c ****     isr_1_SetPriority((uint8)isr_1_INTC_PRIOR_NUMBER);
 116:Generated_Source\PSoC5/isr_1.c **** 
 117:Generated_Source\PSoC5/isr_1.c ****     /* Enable it. */
 118:Generated_Source\PSoC5/isr_1.c ****     isr_1_Enable();
 119:Generated_Source\PSoC5/isr_1.c **** }
 120:Generated_Source\PSoC5/isr_1.c **** 
 121:Generated_Source\PSoC5/isr_1.c **** 
 122:Generated_Source\PSoC5/isr_1.c **** /*******************************************************************************
 123:Generated_Source\PSoC5/isr_1.c **** * Function Name: isr_1_Stop
 124:Generated_Source\PSoC5/isr_1.c **** ********************************************************************************
 125:Generated_Source\PSoC5/isr_1.c **** *
 126:Generated_Source\PSoC5/isr_1.c **** * Summary:
 127:Generated_Source\PSoC5/isr_1.c **** *   Disables and removes the interrupt.
 128:Generated_Source\PSoC5/isr_1.c **** *
 129:Generated_Source\PSoC5/isr_1.c **** * Parameters:  
 130:Generated_Source\PSoC5/isr_1.c **** *   None
 131:Generated_Source\PSoC5/isr_1.c **** *
 132:Generated_Source\PSoC5/isr_1.c **** * Return:
 133:Generated_Source\PSoC5/isr_1.c **** *   None
 134:Generated_Source\PSoC5/isr_1.c **** *
 135:Generated_Source\PSoC5/isr_1.c **** *******************************************************************************/
 136:Generated_Source\PSoC5/isr_1.c **** void isr_1_Stop(void)
 137:Generated_Source\PSoC5/isr_1.c **** {
 138:Generated_Source\PSoC5/isr_1.c ****     /* Disable this interrupt. */
 139:Generated_Source\PSoC5/isr_1.c ****     isr_1_Disable();
 140:Generated_Source\PSoC5/isr_1.c **** 
 141:Generated_Source\PSoC5/isr_1.c ****     /* Set the ISR to point to the passive one. */
 142:Generated_Source\PSoC5/isr_1.c ****     isr_1_SetVector(&IntDefaultHandler);
 143:Generated_Source\PSoC5/isr_1.c **** }
 144:Generated_Source\PSoC5/isr_1.c **** 
ARM GAS  C:\Users\jajuv\AppData\Local\Temp\cc110o0C.s 			page 4


 145:Generated_Source\PSoC5/isr_1.c **** 
 146:Generated_Source\PSoC5/isr_1.c **** /*******************************************************************************
 147:Generated_Source\PSoC5/isr_1.c **** * Function Name: isr_1_Interrupt
 148:Generated_Source\PSoC5/isr_1.c **** ********************************************************************************
 149:Generated_Source\PSoC5/isr_1.c **** *
 150:Generated_Source\PSoC5/isr_1.c **** * Summary:
 151:Generated_Source\PSoC5/isr_1.c **** *   The default Interrupt Service Routine for isr_1.
 152:Generated_Source\PSoC5/isr_1.c **** *
 153:Generated_Source\PSoC5/isr_1.c **** *   Add custom code between the coments to keep the next version of this file
 154:Generated_Source\PSoC5/isr_1.c **** *   from over writting your code.
 155:Generated_Source\PSoC5/isr_1.c **** *
 156:Generated_Source\PSoC5/isr_1.c **** * Parameters:  
 157:Generated_Source\PSoC5/isr_1.c **** *
 158:Generated_Source\PSoC5/isr_1.c **** * Return:
 159:Generated_Source\PSoC5/isr_1.c **** *   None
 160:Generated_Source\PSoC5/isr_1.c **** *
 161:Generated_Source\PSoC5/isr_1.c **** *******************************************************************************/
 162:Generated_Source\PSoC5/isr_1.c **** CY_ISR(isr_1_Interrupt)
 163:Generated_Source\PSoC5/isr_1.c **** {
  28              		.loc 1 163 0
  29              		.cfi_startproc
  30              		@ args = 0, pretend = 0, frame = 0
  31              		@ frame_needed = 0, uses_anonymous_args = 0
  32              		@ link register save eliminated.
 164:Generated_Source\PSoC5/isr_1.c ****     #ifdef isr_1_INTERRUPT_INTERRUPT_CALLBACK
 165:Generated_Source\PSoC5/isr_1.c ****         isr_1_Interrupt_InterruptCallback();
 166:Generated_Source\PSoC5/isr_1.c ****     #endif /* isr_1_INTERRUPT_INTERRUPT_CALLBACK */ 
 167:Generated_Source\PSoC5/isr_1.c **** 
 168:Generated_Source\PSoC5/isr_1.c ****     /*  Place your Interrupt code here. */
 169:Generated_Source\PSoC5/isr_1.c ****     /* `#START isr_1_Interrupt` */
 170:Generated_Source\PSoC5/isr_1.c ****     kill_flag = 1;
  33              		.loc 1 170 0
  34 0000 0122     		movs	r2, #1
  35 0002 014B     		ldr	r3, .L2
  36 0004 1A70     		strb	r2, [r3]
  37 0006 7047     		bx	lr
  38              	.L3:
  39              		.align	2
  40              	.L2:
  41 0008 00000000 		.word	kill_flag
  42              		.cfi_endproc
  43              	.LFE3:
  44              		.size	isr_1_Interrupt, .-isr_1_Interrupt
  45              		.section	.text.isr_1_SetVector,"ax",%progbits
  46              		.align	2
  47              		.global	isr_1_SetVector
  48              		.thumb
  49              		.thumb_func
  50              		.type	isr_1_SetVector, %function
  51              	isr_1_SetVector:
  52              	.LFB4:
 171:Generated_Source\PSoC5/isr_1.c ****     /* `#END` */
 172:Generated_Source\PSoC5/isr_1.c **** }
 173:Generated_Source\PSoC5/isr_1.c **** 
 174:Generated_Source\PSoC5/isr_1.c **** 
 175:Generated_Source\PSoC5/isr_1.c **** /*******************************************************************************
 176:Generated_Source\PSoC5/isr_1.c **** * Function Name: isr_1_SetVector
ARM GAS  C:\Users\jajuv\AppData\Local\Temp\cc110o0C.s 			page 5


 177:Generated_Source\PSoC5/isr_1.c **** ********************************************************************************
 178:Generated_Source\PSoC5/isr_1.c **** *
 179:Generated_Source\PSoC5/isr_1.c **** * Summary:
 180:Generated_Source\PSoC5/isr_1.c **** *   Change the ISR vector for the Interrupt. Note calling isr_1_Start
 181:Generated_Source\PSoC5/isr_1.c **** *   will override any effect this method would have had. To set the vector 
 182:Generated_Source\PSoC5/isr_1.c **** *   before the component has been started use isr_1_StartEx instead.
 183:Generated_Source\PSoC5/isr_1.c **** * 
 184:Generated_Source\PSoC5/isr_1.c **** *   When defining ISR functions, the CY_ISR and CY_ISR_PROTO macros should be 
 185:Generated_Source\PSoC5/isr_1.c **** *   used to provide consistent definition across compilers:
 186:Generated_Source\PSoC5/isr_1.c **** *
 187:Generated_Source\PSoC5/isr_1.c **** *   Function definition example:
 188:Generated_Source\PSoC5/isr_1.c **** *   CY_ISR(MyISR)
 189:Generated_Source\PSoC5/isr_1.c **** *   {
 190:Generated_Source\PSoC5/isr_1.c **** *   }
 191:Generated_Source\PSoC5/isr_1.c **** *
 192:Generated_Source\PSoC5/isr_1.c **** *   Function prototype example:
 193:Generated_Source\PSoC5/isr_1.c **** *     CY_ISR_PROTO(MyISR);
 194:Generated_Source\PSoC5/isr_1.c **** *
 195:Generated_Source\PSoC5/isr_1.c **** * Parameters:
 196:Generated_Source\PSoC5/isr_1.c **** *   address: Address of the ISR to set in the interrupt vector table.
 197:Generated_Source\PSoC5/isr_1.c **** *
 198:Generated_Source\PSoC5/isr_1.c **** * Return:
 199:Generated_Source\PSoC5/isr_1.c **** *   None
 200:Generated_Source\PSoC5/isr_1.c **** *
 201:Generated_Source\PSoC5/isr_1.c **** *******************************************************************************/
 202:Generated_Source\PSoC5/isr_1.c **** void isr_1_SetVector(cyisraddress address)
 203:Generated_Source\PSoC5/isr_1.c **** {
  53              		.loc 1 203 0
  54              		.cfi_startproc
  55              		@ args = 0, pretend = 0, frame = 0
  56              		@ frame_needed = 0, uses_anonymous_args = 0
  57              		@ link register save eliminated.
  58              	.LVL0:
 204:Generated_Source\PSoC5/isr_1.c ****     cyisraddress * ramVectorTable;
 205:Generated_Source\PSoC5/isr_1.c **** 
 206:Generated_Source\PSoC5/isr_1.c ****     ramVectorTable = (cyisraddress *) *CYINT_VECT_TABLE;
  59              		.loc 1 206 0
  60 0000 014B     		ldr	r3, .L5
  61 0002 1B68     		ldr	r3, [r3]
  62              	.LVL1:
 207:Generated_Source\PSoC5/isr_1.c **** 
 208:Generated_Source\PSoC5/isr_1.c ****     ramVectorTable[CYINT_IRQ_BASE + (uint32)isr_1__INTC_NUMBER] = address;
  63              		.loc 1 208 0
  64 0004 9865     		str	r0, [r3, #88]
  65 0006 7047     		bx	lr
  66              	.L6:
  67              		.align	2
  68              	.L5:
  69 0008 08ED00E0 		.word	-536810232
  70              		.cfi_endproc
  71              	.LFE4:
  72              		.size	isr_1_SetVector, .-isr_1_SetVector
  73              		.section	.text.isr_1_GetVector,"ax",%progbits
  74              		.align	2
  75              		.global	isr_1_GetVector
  76              		.thumb
  77              		.thumb_func
ARM GAS  C:\Users\jajuv\AppData\Local\Temp\cc110o0C.s 			page 6


  78              		.type	isr_1_GetVector, %function
  79              	isr_1_GetVector:
  80              	.LFB5:
 209:Generated_Source\PSoC5/isr_1.c **** }
 210:Generated_Source\PSoC5/isr_1.c **** 
 211:Generated_Source\PSoC5/isr_1.c **** 
 212:Generated_Source\PSoC5/isr_1.c **** /*******************************************************************************
 213:Generated_Source\PSoC5/isr_1.c **** * Function Name: isr_1_GetVector
 214:Generated_Source\PSoC5/isr_1.c **** ********************************************************************************
 215:Generated_Source\PSoC5/isr_1.c **** *
 216:Generated_Source\PSoC5/isr_1.c **** * Summary:
 217:Generated_Source\PSoC5/isr_1.c **** *   Gets the "address" of the current ISR vector for the Interrupt.
 218:Generated_Source\PSoC5/isr_1.c **** *
 219:Generated_Source\PSoC5/isr_1.c **** * Parameters:
 220:Generated_Source\PSoC5/isr_1.c **** *   None
 221:Generated_Source\PSoC5/isr_1.c **** *
 222:Generated_Source\PSoC5/isr_1.c **** * Return:
 223:Generated_Source\PSoC5/isr_1.c **** *   Address of the ISR in the interrupt vector table.
 224:Generated_Source\PSoC5/isr_1.c **** *
 225:Generated_Source\PSoC5/isr_1.c **** *******************************************************************************/
 226:Generated_Source\PSoC5/isr_1.c **** cyisraddress isr_1_GetVector(void)
 227:Generated_Source\PSoC5/isr_1.c **** {
  81              		.loc 1 227 0
  82              		.cfi_startproc
  83              		@ args = 0, pretend = 0, frame = 0
  84              		@ frame_needed = 0, uses_anonymous_args = 0
  85              		@ link register save eliminated.
 228:Generated_Source\PSoC5/isr_1.c ****     cyisraddress * ramVectorTable;
 229:Generated_Source\PSoC5/isr_1.c **** 
 230:Generated_Source\PSoC5/isr_1.c ****     ramVectorTable = (cyisraddress *) *CYINT_VECT_TABLE;
  86              		.loc 1 230 0
  87 0000 014B     		ldr	r3, .L8
  88 0002 1B68     		ldr	r3, [r3]
  89              	.LVL2:
 231:Generated_Source\PSoC5/isr_1.c **** 
 232:Generated_Source\PSoC5/isr_1.c ****     return ramVectorTable[CYINT_IRQ_BASE + (uint32)isr_1__INTC_NUMBER];
 233:Generated_Source\PSoC5/isr_1.c **** }
  90              		.loc 1 233 0
  91 0004 986D     		ldr	r0, [r3, #88]
  92 0006 7047     		bx	lr
  93              	.L9:
  94              		.align	2
  95              	.L8:
  96 0008 08ED00E0 		.word	-536810232
  97              		.cfi_endproc
  98              	.LFE5:
  99              		.size	isr_1_GetVector, .-isr_1_GetVector
 100              		.section	.text.isr_1_SetPriority,"ax",%progbits
 101              		.align	2
 102              		.global	isr_1_SetPriority
 103              		.thumb
 104              		.thumb_func
 105              		.type	isr_1_SetPriority, %function
 106              	isr_1_SetPriority:
 107              	.LFB6:
 234:Generated_Source\PSoC5/isr_1.c **** 
 235:Generated_Source\PSoC5/isr_1.c **** 
ARM GAS  C:\Users\jajuv\AppData\Local\Temp\cc110o0C.s 			page 7


 236:Generated_Source\PSoC5/isr_1.c **** /*******************************************************************************
 237:Generated_Source\PSoC5/isr_1.c **** * Function Name: isr_1_SetPriority
 238:Generated_Source\PSoC5/isr_1.c **** ********************************************************************************
 239:Generated_Source\PSoC5/isr_1.c **** *
 240:Generated_Source\PSoC5/isr_1.c **** * Summary:
 241:Generated_Source\PSoC5/isr_1.c **** *   Sets the Priority of the Interrupt. 
 242:Generated_Source\PSoC5/isr_1.c **** *
 243:Generated_Source\PSoC5/isr_1.c **** *   Note calling isr_1_Start or isr_1_StartEx will 
 244:Generated_Source\PSoC5/isr_1.c **** *   override any effect this API would have had. This API should only be called
 245:Generated_Source\PSoC5/isr_1.c **** *   after isr_1_Start or isr_1_StartEx has been called. 
 246:Generated_Source\PSoC5/isr_1.c **** *   To set the initial priority for the component, use the Design-Wide Resources
 247:Generated_Source\PSoC5/isr_1.c **** *   Interrupt Editor.
 248:Generated_Source\PSoC5/isr_1.c **** *
 249:Generated_Source\PSoC5/isr_1.c **** *   Note This API has no effect on Non-maskable interrupt NMI).
 250:Generated_Source\PSoC5/isr_1.c **** *
 251:Generated_Source\PSoC5/isr_1.c **** * Parameters:
 252:Generated_Source\PSoC5/isr_1.c **** *   priority: Priority of the interrupt, 0 being the highest priority
 253:Generated_Source\PSoC5/isr_1.c **** *             PSoC 3 and PSoC 5LP: Priority is from 0 to 7.
 254:Generated_Source\PSoC5/isr_1.c **** *             PSoC 4: Priority is from 0 to 3.
 255:Generated_Source\PSoC5/isr_1.c **** *
 256:Generated_Source\PSoC5/isr_1.c **** * Return:
 257:Generated_Source\PSoC5/isr_1.c **** *   None
 258:Generated_Source\PSoC5/isr_1.c **** *
 259:Generated_Source\PSoC5/isr_1.c **** *******************************************************************************/
 260:Generated_Source\PSoC5/isr_1.c **** void isr_1_SetPriority(uint8 priority)
 261:Generated_Source\PSoC5/isr_1.c **** {
 108              		.loc 1 261 0
 109              		.cfi_startproc
 110              		@ args = 0, pretend = 0, frame = 0
 111              		@ frame_needed = 0, uses_anonymous_args = 0
 112              		@ link register save eliminated.
 113              	.LVL3:
 262:Generated_Source\PSoC5/isr_1.c ****     *isr_1_INTC_PRIOR = priority << 5;
 114              		.loc 1 262 0
 115 0000 4001     		lsls	r0, r0, #5
 116              	.LVL4:
 117 0002 C0B2     		uxtb	r0, r0
 118 0004 014B     		ldr	r3, .L11
 119 0006 1870     		strb	r0, [r3]
 120 0008 7047     		bx	lr
 121              	.L12:
 122 000a 00BF     		.align	2
 123              	.L11:
 124 000c 06E400E0 		.word	-536812538
 125              		.cfi_endproc
 126              	.LFE6:
 127              		.size	isr_1_SetPriority, .-isr_1_SetPriority
 128              		.section	.text.isr_1_GetPriority,"ax",%progbits
 129              		.align	2
 130              		.global	isr_1_GetPriority
 131              		.thumb
 132              		.thumb_func
 133              		.type	isr_1_GetPriority, %function
 134              	isr_1_GetPriority:
 135              	.LFB7:
 263:Generated_Source\PSoC5/isr_1.c **** }
 264:Generated_Source\PSoC5/isr_1.c **** 
ARM GAS  C:\Users\jajuv\AppData\Local\Temp\cc110o0C.s 			page 8


 265:Generated_Source\PSoC5/isr_1.c **** 
 266:Generated_Source\PSoC5/isr_1.c **** /*******************************************************************************
 267:Generated_Source\PSoC5/isr_1.c **** * Function Name: isr_1_GetPriority
 268:Generated_Source\PSoC5/isr_1.c **** ********************************************************************************
 269:Generated_Source\PSoC5/isr_1.c **** *
 270:Generated_Source\PSoC5/isr_1.c **** * Summary:
 271:Generated_Source\PSoC5/isr_1.c **** *   Gets the Priority of the Interrupt.
 272:Generated_Source\PSoC5/isr_1.c **** *
 273:Generated_Source\PSoC5/isr_1.c **** * Parameters:
 274:Generated_Source\PSoC5/isr_1.c **** *   None
 275:Generated_Source\PSoC5/isr_1.c **** *
 276:Generated_Source\PSoC5/isr_1.c **** * Return:
 277:Generated_Source\PSoC5/isr_1.c **** *   Priority of the interrupt, 0 being the highest priority
 278:Generated_Source\PSoC5/isr_1.c **** *    PSoC 3 and PSoC 5LP: Priority is from 0 to 7.
 279:Generated_Source\PSoC5/isr_1.c **** *    PSoC 4: Priority is from 0 to 3.
 280:Generated_Source\PSoC5/isr_1.c **** *
 281:Generated_Source\PSoC5/isr_1.c **** *******************************************************************************/
 282:Generated_Source\PSoC5/isr_1.c **** uint8 isr_1_GetPriority(void)
 283:Generated_Source\PSoC5/isr_1.c **** {
 136              		.loc 1 283 0
 137              		.cfi_startproc
 138              		@ args = 0, pretend = 0, frame = 0
 139              		@ frame_needed = 0, uses_anonymous_args = 0
 140              		@ link register save eliminated.
 284:Generated_Source\PSoC5/isr_1.c ****     uint8 priority;
 285:Generated_Source\PSoC5/isr_1.c **** 
 286:Generated_Source\PSoC5/isr_1.c **** 
 287:Generated_Source\PSoC5/isr_1.c ****     priority = *isr_1_INTC_PRIOR >> 5;
 141              		.loc 1 287 0
 142 0000 014B     		ldr	r3, .L14
 143 0002 1878     		ldrb	r0, [r3]	@ zero_extendqisi2
 144              	.LVL5:
 288:Generated_Source\PSoC5/isr_1.c **** 
 289:Generated_Source\PSoC5/isr_1.c ****     return priority;
 290:Generated_Source\PSoC5/isr_1.c **** }
 145              		.loc 1 290 0
 146 0004 4009     		lsrs	r0, r0, #5
 147              	.LVL6:
 148 0006 7047     		bx	lr
 149              	.L15:
 150              		.align	2
 151              	.L14:
 152 0008 06E400E0 		.word	-536812538
 153              		.cfi_endproc
 154              	.LFE7:
 155              		.size	isr_1_GetPriority, .-isr_1_GetPriority
 156              		.section	.text.isr_1_Enable,"ax",%progbits
 157              		.align	2
 158              		.global	isr_1_Enable
 159              		.thumb
 160              		.thumb_func
 161              		.type	isr_1_Enable, %function
 162              	isr_1_Enable:
 163              	.LFB8:
 291:Generated_Source\PSoC5/isr_1.c **** 
 292:Generated_Source\PSoC5/isr_1.c **** 
 293:Generated_Source\PSoC5/isr_1.c **** /*******************************************************************************
ARM GAS  C:\Users\jajuv\AppData\Local\Temp\cc110o0C.s 			page 9


 294:Generated_Source\PSoC5/isr_1.c **** * Function Name: isr_1_Enable
 295:Generated_Source\PSoC5/isr_1.c **** ********************************************************************************
 296:Generated_Source\PSoC5/isr_1.c **** *
 297:Generated_Source\PSoC5/isr_1.c **** * Summary:
 298:Generated_Source\PSoC5/isr_1.c **** *   Enables the interrupt to the interrupt controller. Do not call this function
 299:Generated_Source\PSoC5/isr_1.c **** *   unless ISR_Start() has been called or the functionality of the ISR_Start() 
 300:Generated_Source\PSoC5/isr_1.c **** *   function, which sets the vector and the priority, has been called.
 301:Generated_Source\PSoC5/isr_1.c **** *
 302:Generated_Source\PSoC5/isr_1.c **** * Parameters:
 303:Generated_Source\PSoC5/isr_1.c **** *   None
 304:Generated_Source\PSoC5/isr_1.c **** *
 305:Generated_Source\PSoC5/isr_1.c **** * Return:
 306:Generated_Source\PSoC5/isr_1.c **** *   None
 307:Generated_Source\PSoC5/isr_1.c **** *
 308:Generated_Source\PSoC5/isr_1.c **** *******************************************************************************/
 309:Generated_Source\PSoC5/isr_1.c **** void isr_1_Enable(void)
 310:Generated_Source\PSoC5/isr_1.c **** {
 164              		.loc 1 310 0
 165              		.cfi_startproc
 166              		@ args = 0, pretend = 0, frame = 0
 167              		@ frame_needed = 0, uses_anonymous_args = 0
 168              		@ link register save eliminated.
 311:Generated_Source\PSoC5/isr_1.c ****     /* Enable the general interrupt. */
 312:Generated_Source\PSoC5/isr_1.c ****     *isr_1_INTC_SET_EN = isr_1__INTC_MASK;
 169              		.loc 1 312 0
 170 0000 4022     		movs	r2, #64
 171 0002 014B     		ldr	r3, .L17
 172 0004 1A60     		str	r2, [r3]
 173 0006 7047     		bx	lr
 174              	.L18:
 175              		.align	2
 176              	.L17:
 177 0008 00E100E0 		.word	-536813312
 178              		.cfi_endproc
 179              	.LFE8:
 180              		.size	isr_1_Enable, .-isr_1_Enable
 181              		.section	.text.isr_1_GetState,"ax",%progbits
 182              		.align	2
 183              		.global	isr_1_GetState
 184              		.thumb
 185              		.thumb_func
 186              		.type	isr_1_GetState, %function
 187              	isr_1_GetState:
 188              	.LFB9:
 313:Generated_Source\PSoC5/isr_1.c **** }
 314:Generated_Source\PSoC5/isr_1.c **** 
 315:Generated_Source\PSoC5/isr_1.c **** 
 316:Generated_Source\PSoC5/isr_1.c **** /*******************************************************************************
 317:Generated_Source\PSoC5/isr_1.c **** * Function Name: isr_1_GetState
 318:Generated_Source\PSoC5/isr_1.c **** ********************************************************************************
 319:Generated_Source\PSoC5/isr_1.c **** *
 320:Generated_Source\PSoC5/isr_1.c **** * Summary:
 321:Generated_Source\PSoC5/isr_1.c **** *   Gets the state (enabled, disabled) of the Interrupt.
 322:Generated_Source\PSoC5/isr_1.c **** *
 323:Generated_Source\PSoC5/isr_1.c **** * Parameters:
 324:Generated_Source\PSoC5/isr_1.c **** *   None
 325:Generated_Source\PSoC5/isr_1.c **** *
ARM GAS  C:\Users\jajuv\AppData\Local\Temp\cc110o0C.s 			page 10


 326:Generated_Source\PSoC5/isr_1.c **** * Return:
 327:Generated_Source\PSoC5/isr_1.c **** *   1 if enabled, 0 if disabled.
 328:Generated_Source\PSoC5/isr_1.c **** *
 329:Generated_Source\PSoC5/isr_1.c **** *******************************************************************************/
 330:Generated_Source\PSoC5/isr_1.c **** uint8 isr_1_GetState(void)
 331:Generated_Source\PSoC5/isr_1.c **** {
 189              		.loc 1 331 0
 190              		.cfi_startproc
 191              		@ args = 0, pretend = 0, frame = 0
 192              		@ frame_needed = 0, uses_anonymous_args = 0
 193              		@ link register save eliminated.
 332:Generated_Source\PSoC5/isr_1.c ****     /* Get the state of the general interrupt. */
 333:Generated_Source\PSoC5/isr_1.c ****     return ((*isr_1_INTC_SET_EN & (uint32)isr_1__INTC_MASK) != 0u) ? 1u:0u;
 194              		.loc 1 333 0
 195 0000 044B     		ldr	r3, .L22
 196 0002 1B68     		ldr	r3, [r3]
 197 0004 13F0400F 		tst	r3, #64
 198 0008 01D0     		beq	.L21
 199 000a 0120     		movs	r0, #1
 200 000c 7047     		bx	lr
 201              	.L21:
 202 000e 0020     		movs	r0, #0
 334:Generated_Source\PSoC5/isr_1.c **** }
 203              		.loc 1 334 0
 204 0010 7047     		bx	lr
 205              	.L23:
 206 0012 00BF     		.align	2
 207              	.L22:
 208 0014 00E100E0 		.word	-536813312
 209              		.cfi_endproc
 210              	.LFE9:
 211              		.size	isr_1_GetState, .-isr_1_GetState
 212              		.section	.text.isr_1_Disable,"ax",%progbits
 213              		.align	2
 214              		.global	isr_1_Disable
 215              		.thumb
 216              		.thumb_func
 217              		.type	isr_1_Disable, %function
 218              	isr_1_Disable:
 219              	.LFB10:
 335:Generated_Source\PSoC5/isr_1.c **** 
 336:Generated_Source\PSoC5/isr_1.c **** 
 337:Generated_Source\PSoC5/isr_1.c **** /*******************************************************************************
 338:Generated_Source\PSoC5/isr_1.c **** * Function Name: isr_1_Disable
 339:Generated_Source\PSoC5/isr_1.c **** ********************************************************************************
 340:Generated_Source\PSoC5/isr_1.c **** *
 341:Generated_Source\PSoC5/isr_1.c **** * Summary:
 342:Generated_Source\PSoC5/isr_1.c **** *   Disables the Interrupt in the interrupt controller.
 343:Generated_Source\PSoC5/isr_1.c **** *
 344:Generated_Source\PSoC5/isr_1.c **** * Parameters:
 345:Generated_Source\PSoC5/isr_1.c **** *   None
 346:Generated_Source\PSoC5/isr_1.c **** *
 347:Generated_Source\PSoC5/isr_1.c **** * Return:
 348:Generated_Source\PSoC5/isr_1.c **** *   None
 349:Generated_Source\PSoC5/isr_1.c **** *
 350:Generated_Source\PSoC5/isr_1.c **** *******************************************************************************/
 351:Generated_Source\PSoC5/isr_1.c **** void isr_1_Disable(void)
ARM GAS  C:\Users\jajuv\AppData\Local\Temp\cc110o0C.s 			page 11


 352:Generated_Source\PSoC5/isr_1.c **** {
 220              		.loc 1 352 0
 221              		.cfi_startproc
 222              		@ args = 0, pretend = 0, frame = 0
 223              		@ frame_needed = 0, uses_anonymous_args = 0
 224              		@ link register save eliminated.
 353:Generated_Source\PSoC5/isr_1.c ****     /* Disable the general interrupt. */
 354:Generated_Source\PSoC5/isr_1.c ****     *isr_1_INTC_CLR_EN = isr_1__INTC_MASK;
 225              		.loc 1 354 0
 226 0000 4022     		movs	r2, #64
 227 0002 014B     		ldr	r3, .L25
 228 0004 1A60     		str	r2, [r3]
 229 0006 7047     		bx	lr
 230              	.L26:
 231              		.align	2
 232              	.L25:
 233 0008 80E100E0 		.word	-536813184
 234              		.cfi_endproc
 235              	.LFE10:
 236              		.size	isr_1_Disable, .-isr_1_Disable
 237              		.section	.text.isr_1_Start,"ax",%progbits
 238              		.align	2
 239              		.global	isr_1_Start
 240              		.thumb
 241              		.thumb_func
 242              		.type	isr_1_Start, %function
 243              	isr_1_Start:
 244              	.LFB0:
  64:Generated_Source\PSoC5/isr_1.c ****     /* For all we know the interrupt is active. */
 245              		.loc 1 64 0
 246              		.cfi_startproc
 247              		@ args = 0, pretend = 0, frame = 0
 248              		@ frame_needed = 0, uses_anonymous_args = 0
 249 0000 08B5     		push	{r3, lr}
 250              		.cfi_def_cfa_offset 8
 251              		.cfi_offset 3, -8
 252              		.cfi_offset 14, -4
  66:Generated_Source\PSoC5/isr_1.c **** 
 253              		.loc 1 66 0
 254 0002 FFF7FEFF 		bl	isr_1_Disable
 255              	.LVL7:
  69:Generated_Source\PSoC5/isr_1.c **** 
 256              		.loc 1 69 0
 257 0006 0448     		ldr	r0, .L29
 258 0008 FFF7FEFF 		bl	isr_1_SetVector
 259              	.LVL8:
  72:Generated_Source\PSoC5/isr_1.c **** 
 260              		.loc 1 72 0
 261 000c 0720     		movs	r0, #7
 262 000e FFF7FEFF 		bl	isr_1_SetPriority
 263              	.LVL9:
  75:Generated_Source\PSoC5/isr_1.c **** }
 264              		.loc 1 75 0
 265 0012 FFF7FEFF 		bl	isr_1_Enable
 266              	.LVL10:
 267 0016 08BD     		pop	{r3, pc}
 268              	.L30:
ARM GAS  C:\Users\jajuv\AppData\Local\Temp\cc110o0C.s 			page 12


 269              		.align	2
 270              	.L29:
 271 0018 00000000 		.word	isr_1_Interrupt
 272              		.cfi_endproc
 273              	.LFE0:
 274              		.size	isr_1_Start, .-isr_1_Start
 275              		.section	.text.isr_1_StartEx,"ax",%progbits
 276              		.align	2
 277              		.global	isr_1_StartEx
 278              		.thumb
 279              		.thumb_func
 280              		.type	isr_1_StartEx, %function
 281              	isr_1_StartEx:
 282              	.LFB1:
 107:Generated_Source\PSoC5/isr_1.c ****     /* For all we know the interrupt is active. */
 283              		.loc 1 107 0
 284              		.cfi_startproc
 285              		@ args = 0, pretend = 0, frame = 0
 286              		@ frame_needed = 0, uses_anonymous_args = 0
 287              	.LVL11:
 288 0000 10B5     		push	{r4, lr}
 289              		.cfi_def_cfa_offset 8
 290              		.cfi_offset 4, -8
 291              		.cfi_offset 14, -4
 292 0002 0446     		mov	r4, r0
 109:Generated_Source\PSoC5/isr_1.c **** 
 293              		.loc 1 109 0
 294 0004 FFF7FEFF 		bl	isr_1_Disable
 295              	.LVL12:
 112:Generated_Source\PSoC5/isr_1.c **** 
 296              		.loc 1 112 0
 297 0008 2046     		mov	r0, r4
 298 000a FFF7FEFF 		bl	isr_1_SetVector
 299              	.LVL13:
 115:Generated_Source\PSoC5/isr_1.c **** 
 300              		.loc 1 115 0
 301 000e 0720     		movs	r0, #7
 302 0010 FFF7FEFF 		bl	isr_1_SetPriority
 303              	.LVL14:
 118:Generated_Source\PSoC5/isr_1.c **** }
 304              		.loc 1 118 0
 305 0014 FFF7FEFF 		bl	isr_1_Enable
 306              	.LVL15:
 307 0018 10BD     		pop	{r4, pc}
 308              		.cfi_endproc
 309              	.LFE1:
 310              		.size	isr_1_StartEx, .-isr_1_StartEx
 311 001a 00BF     		.section	.text.isr_1_Stop,"ax",%progbits
 312              		.align	2
 313              		.global	isr_1_Stop
 314              		.thumb
 315              		.thumb_func
 316              		.type	isr_1_Stop, %function
 317              	isr_1_Stop:
 318              	.LFB2:
 137:Generated_Source\PSoC5/isr_1.c ****     /* Disable this interrupt. */
 319              		.loc 1 137 0
ARM GAS  C:\Users\jajuv\AppData\Local\Temp\cc110o0C.s 			page 13


 320              		.cfi_startproc
 321              		@ args = 0, pretend = 0, frame = 0
 322              		@ frame_needed = 0, uses_anonymous_args = 0
 323 0000 08B5     		push	{r3, lr}
 324              		.cfi_def_cfa_offset 8
 325              		.cfi_offset 3, -8
 326              		.cfi_offset 14, -4
 139:Generated_Source\PSoC5/isr_1.c **** 
 327              		.loc 1 139 0
 328 0002 FFF7FEFF 		bl	isr_1_Disable
 329              	.LVL16:
 142:Generated_Source\PSoC5/isr_1.c **** }
 330              		.loc 1 142 0
 331 0006 0248     		ldr	r0, .L35
 332 0008 FFF7FEFF 		bl	isr_1_SetVector
 333              	.LVL17:
 334 000c 08BD     		pop	{r3, pc}
 335              	.L36:
 336 000e 00BF     		.align	2
 337              	.L35:
 338 0010 00000000 		.word	IntDefaultHandler
 339              		.cfi_endproc
 340              	.LFE2:
 341              		.size	isr_1_Stop, .-isr_1_Stop
 342              		.section	.text.isr_1_SetPending,"ax",%progbits
 343              		.align	2
 344              		.global	isr_1_SetPending
 345              		.thumb
 346              		.thumb_func
 347              		.type	isr_1_SetPending, %function
 348              	isr_1_SetPending:
 349              	.LFB11:
 355:Generated_Source\PSoC5/isr_1.c **** }
 356:Generated_Source\PSoC5/isr_1.c **** 
 357:Generated_Source\PSoC5/isr_1.c **** 
 358:Generated_Source\PSoC5/isr_1.c **** /*******************************************************************************
 359:Generated_Source\PSoC5/isr_1.c **** * Function Name: isr_1_SetPending
 360:Generated_Source\PSoC5/isr_1.c **** ********************************************************************************
 361:Generated_Source\PSoC5/isr_1.c **** *
 362:Generated_Source\PSoC5/isr_1.c **** * Summary:
 363:Generated_Source\PSoC5/isr_1.c **** *   Causes the Interrupt to enter the pending state, a software method of
 364:Generated_Source\PSoC5/isr_1.c **** *   generating the interrupt.
 365:Generated_Source\PSoC5/isr_1.c **** *
 366:Generated_Source\PSoC5/isr_1.c **** * Parameters:
 367:Generated_Source\PSoC5/isr_1.c **** *   None
 368:Generated_Source\PSoC5/isr_1.c **** *
 369:Generated_Source\PSoC5/isr_1.c **** * Return:
 370:Generated_Source\PSoC5/isr_1.c **** *   None
 371:Generated_Source\PSoC5/isr_1.c **** *
 372:Generated_Source\PSoC5/isr_1.c **** * Side Effects:
 373:Generated_Source\PSoC5/isr_1.c **** *   If interrupts are enabled and the interrupt is set up properly, the ISR is
 374:Generated_Source\PSoC5/isr_1.c **** *   entered (depending on the priority of this interrupt and other pending 
 375:Generated_Source\PSoC5/isr_1.c **** *   interrupts).
 376:Generated_Source\PSoC5/isr_1.c **** *
 377:Generated_Source\PSoC5/isr_1.c **** *******************************************************************************/
 378:Generated_Source\PSoC5/isr_1.c **** void isr_1_SetPending(void)
 379:Generated_Source\PSoC5/isr_1.c **** {
ARM GAS  C:\Users\jajuv\AppData\Local\Temp\cc110o0C.s 			page 14


 350              		.loc 1 379 0
 351              		.cfi_startproc
 352              		@ args = 0, pretend = 0, frame = 0
 353              		@ frame_needed = 0, uses_anonymous_args = 0
 354              		@ link register save eliminated.
 380:Generated_Source\PSoC5/isr_1.c ****     *isr_1_INTC_SET_PD = isr_1__INTC_MASK;
 355              		.loc 1 380 0
 356 0000 4022     		movs	r2, #64
 357 0002 014B     		ldr	r3, .L38
 358 0004 1A60     		str	r2, [r3]
 359 0006 7047     		bx	lr
 360              	.L39:
 361              		.align	2
 362              	.L38:
 363 0008 00E200E0 		.word	-536813056
 364              		.cfi_endproc
 365              	.LFE11:
 366              		.size	isr_1_SetPending, .-isr_1_SetPending
 367              		.section	.text.isr_1_ClearPending,"ax",%progbits
 368              		.align	2
 369              		.global	isr_1_ClearPending
 370              		.thumb
 371              		.thumb_func
 372              		.type	isr_1_ClearPending, %function
 373              	isr_1_ClearPending:
 374              	.LFB12:
 381:Generated_Source\PSoC5/isr_1.c **** }
 382:Generated_Source\PSoC5/isr_1.c **** 
 383:Generated_Source\PSoC5/isr_1.c **** 
 384:Generated_Source\PSoC5/isr_1.c **** /*******************************************************************************
 385:Generated_Source\PSoC5/isr_1.c **** * Function Name: isr_1_ClearPending
 386:Generated_Source\PSoC5/isr_1.c **** ********************************************************************************
 387:Generated_Source\PSoC5/isr_1.c **** *
 388:Generated_Source\PSoC5/isr_1.c **** * Summary:
 389:Generated_Source\PSoC5/isr_1.c **** *   Clears a pending interrupt in the interrupt controller.
 390:Generated_Source\PSoC5/isr_1.c **** *
 391:Generated_Source\PSoC5/isr_1.c **** *   Note Some interrupt sources are clear-on-read and require the block 
 392:Generated_Source\PSoC5/isr_1.c **** *   interrupt/status register to be read/cleared with the appropriate block API 
 393:Generated_Source\PSoC5/isr_1.c **** *   (GPIO, UART, and so on). Otherwise the ISR will continue to remain in 
 394:Generated_Source\PSoC5/isr_1.c **** *   pending state even though the interrupt itself is cleared using this API.
 395:Generated_Source\PSoC5/isr_1.c **** *
 396:Generated_Source\PSoC5/isr_1.c **** * Parameters:
 397:Generated_Source\PSoC5/isr_1.c **** *   None
 398:Generated_Source\PSoC5/isr_1.c **** *
 399:Generated_Source\PSoC5/isr_1.c **** * Return:
 400:Generated_Source\PSoC5/isr_1.c **** *   None
 401:Generated_Source\PSoC5/isr_1.c **** *
 402:Generated_Source\PSoC5/isr_1.c **** *******************************************************************************/
 403:Generated_Source\PSoC5/isr_1.c **** void isr_1_ClearPending(void)
 404:Generated_Source\PSoC5/isr_1.c **** {
 375              		.loc 1 404 0
 376              		.cfi_startproc
 377              		@ args = 0, pretend = 0, frame = 0
 378              		@ frame_needed = 0, uses_anonymous_args = 0
 379              		@ link register save eliminated.
 405:Generated_Source\PSoC5/isr_1.c ****     *isr_1_INTC_CLR_PD = isr_1__INTC_MASK;
 380              		.loc 1 405 0
ARM GAS  C:\Users\jajuv\AppData\Local\Temp\cc110o0C.s 			page 15


 381 0000 4022     		movs	r2, #64
 382 0002 014B     		ldr	r3, .L41
 383 0004 1A60     		str	r2, [r3]
 384 0006 7047     		bx	lr
 385              	.L42:
 386              		.align	2
 387              	.L41:
 388 0008 80E200E0 		.word	-536812928
 389              		.cfi_endproc
 390              	.LFE12:
 391              		.size	isr_1_ClearPending, .-isr_1_ClearPending
 392              		.text
 393              	.Letext0:
 394              		.file 2 "Generated_Source\\PSoC5/cytypes.h"
 395              		.section	.debug_info,"",%progbits
 396              	.Ldebug_info0:
 397 0000 E5020000 		.4byte	0x2e5
 398 0004 0400     		.2byte	0x4
 399 0006 00000000 		.4byte	.Ldebug_abbrev0
 400 000a 04       		.byte	0x4
 401 000b 01       		.uleb128 0x1
 402 000c DB000000 		.4byte	.LASF35
 403 0010 0C       		.byte	0xc
 404 0011 AD010000 		.4byte	.LASF36
 405 0015 93000000 		.4byte	.LASF37
 406 0019 00000000 		.4byte	.Ldebug_ranges0+0
 407 001d 00000000 		.4byte	0
 408 0021 00000000 		.4byte	.Ldebug_line0
 409 0025 02       		.uleb128 0x2
 410 0026 04       		.byte	0x4
 411 0027 05       		.byte	0x5
 412 0028 696E7400 		.ascii	"int\000"
 413 002c 03       		.uleb128 0x3
 414 002d 04       		.byte	0x4
 415 002e 07       		.byte	0x7
 416 002f D3010000 		.4byte	.LASF0
 417 0033 03       		.uleb128 0x3
 418 0034 08       		.byte	0x8
 419 0035 05       		.byte	0x5
 420 0036 15020000 		.4byte	.LASF1
 421 003a 03       		.uleb128 0x3
 422 003b 08       		.byte	0x8
 423 003c 04       		.byte	0x4
 424 003d 77020000 		.4byte	.LASF2
 425 0041 03       		.uleb128 0x3
 426 0042 01       		.byte	0x1
 427 0043 06       		.byte	0x6
 428 0044 83020000 		.4byte	.LASF3
 429 0048 03       		.uleb128 0x3
 430 0049 01       		.byte	0x1
 431 004a 08       		.byte	0x8
 432 004b CD000000 		.4byte	.LASF4
 433 004f 03       		.uleb128 0x3
 434 0050 02       		.byte	0x2
 435 0051 05       		.byte	0x5
 436 0052 44020000 		.4byte	.LASF5
 437 0056 03       		.uleb128 0x3
ARM GAS  C:\Users\jajuv\AppData\Local\Temp\cc110o0C.s 			page 16


 438 0057 02       		.byte	0x2
 439 0058 07       		.byte	0x7
 440 0059 5E000000 		.4byte	.LASF6
 441 005d 03       		.uleb128 0x3
 442 005e 04       		.byte	0x4
 443 005f 05       		.byte	0x5
 444 0060 6E020000 		.4byte	.LASF7
 445 0064 03       		.uleb128 0x3
 446 0065 04       		.byte	0x4
 447 0066 07       		.byte	0x7
 448 0067 6E010000 		.4byte	.LASF8
 449 006b 03       		.uleb128 0x3
 450 006c 08       		.byte	0x8
 451 006d 07       		.byte	0x7
 452 006e E8010000 		.4byte	.LASF9
 453 0072 03       		.uleb128 0x3
 454 0073 04       		.byte	0x4
 455 0074 07       		.byte	0x7
 456 0075 0C020000 		.4byte	.LASF10
 457 0079 03       		.uleb128 0x3
 458 007a 01       		.byte	0x1
 459 007b 08       		.byte	0x8
 460 007c 30020000 		.4byte	.LASF11
 461 0080 04       		.uleb128 0x4
 462 0081 04       		.byte	0x4
 463 0082 86000000 		.4byte	0x86
 464 0086 05       		.uleb128 0x5
 465 0087 06       		.uleb128 0x6
 466 0088 80010000 		.4byte	.LASF12
 467 008c 02       		.byte	0x2
 468 008d E401     		.2byte	0x1e4
 469 008f 48000000 		.4byte	0x48
 470 0093 06       		.uleb128 0x6
 471 0094 CC010000 		.4byte	.LASF13
 472 0098 02       		.byte	0x2
 473 0099 E601     		.2byte	0x1e6
 474 009b 64000000 		.4byte	0x64
 475 009f 06       		.uleb128 0x6
 476 00a0 A8010000 		.4byte	.LASF14
 477 00a4 02       		.byte	0x2
 478 00a5 E701     		.2byte	0x1e7
 479 00a7 41000000 		.4byte	0x41
 480 00ab 03       		.uleb128 0x3
 481 00ac 04       		.byte	0x4
 482 00ad 04       		.byte	0x4
 483 00ae 8D000000 		.4byte	.LASF15
 484 00b2 03       		.uleb128 0x3
 485 00b3 08       		.byte	0x8
 486 00b4 04       		.byte	0x4
 487 00b5 8F010000 		.4byte	.LASF16
 488 00b9 06       		.uleb128 0x6
 489 00ba 69010000 		.4byte	.LASF17
 490 00be 02       		.byte	0x2
 491 00bf 8E02     		.2byte	0x28e
 492 00c1 C5000000 		.4byte	0xc5
 493 00c5 07       		.uleb128 0x7
 494 00c6 87000000 		.4byte	0x87
ARM GAS  C:\Users\jajuv\AppData\Local\Temp\cc110o0C.s 			page 17


 495 00ca 06       		.uleb128 0x6
 496 00cb 13000000 		.4byte	.LASF18
 497 00cf 02       		.byte	0x2
 498 00d0 9002     		.2byte	0x290
 499 00d2 D6000000 		.4byte	0xd6
 500 00d6 07       		.uleb128 0x7
 501 00d7 93000000 		.4byte	0x93
 502 00db 06       		.uleb128 0x6
 503 00dc FF010000 		.4byte	.LASF19
 504 00e0 02       		.byte	0x2
 505 00e1 A002     		.2byte	0x2a0
 506 00e3 80000000 		.4byte	0x80
 507 00e7 08       		.uleb128 0x8
 508 00e8 5E020000 		.4byte	.LASF27
 509 00ec 01       		.byte	0x1
 510 00ed A2       		.byte	0xa2
 511 00ee 00000000 		.4byte	.LFB3
 512 00f2 0C000000 		.4byte	.LFE3-.LFB3
 513 00f6 01       		.uleb128 0x1
 514 00f7 9C       		.byte	0x9c
 515 00f8 09       		.uleb128 0x9
 516 00f9 9D020000 		.4byte	.LASF21
 517 00fd 01       		.byte	0x1
 518 00fe CA       		.byte	0xca
 519 00ff 00000000 		.4byte	.LFB4
 520 0103 0C000000 		.4byte	.LFE4-.LFB4
 521 0107 01       		.uleb128 0x1
 522 0108 9C       		.byte	0x9c
 523 0109 28010000 		.4byte	0x128
 524 010d 0A       		.uleb128 0xa
 525 010e E0010000 		.4byte	.LASF23
 526 0112 01       		.byte	0x1
 527 0113 CA       		.byte	0xca
 528 0114 DB000000 		.4byte	0xdb
 529 0118 01       		.uleb128 0x1
 530 0119 50       		.byte	0x50
 531 011a 0B       		.uleb128 0xb
 532 011b 35020000 		.4byte	.LASF20
 533 011f 01       		.byte	0x1
 534 0120 CC       		.byte	0xcc
 535 0121 28010000 		.4byte	0x128
 536 0125 01       		.uleb128 0x1
 537 0126 53       		.byte	0x53
 538 0127 00       		.byte	0
 539 0128 04       		.uleb128 0x4
 540 0129 04       		.byte	0x4
 541 012a DB000000 		.4byte	0xdb
 542 012e 0C       		.uleb128 0xc
 543 012f 4E020000 		.4byte	.LASF25
 544 0133 01       		.byte	0x1
 545 0134 E2       		.byte	0xe2
 546 0135 DB000000 		.4byte	0xdb
 547 0139 00000000 		.4byte	.LFB5
 548 013d 0C000000 		.4byte	.LFE5-.LFB5
 549 0141 01       		.uleb128 0x1
 550 0142 9C       		.byte	0x9c
 551 0143 55010000 		.4byte	0x155
ARM GAS  C:\Users\jajuv\AppData\Local\Temp\cc110o0C.s 			page 18


 552 0147 0B       		.uleb128 0xb
 553 0148 35020000 		.4byte	.LASF20
 554 014c 01       		.byte	0x1
 555 014d E4       		.byte	0xe4
 556 014e 28010000 		.4byte	0x128
 557 0152 01       		.uleb128 0x1
 558 0153 53       		.byte	0x53
 559 0154 00       		.byte	0
 560 0155 0D       		.uleb128 0xd
 561 0156 96010000 		.4byte	.LASF22
 562 015a 01       		.byte	0x1
 563 015b 0401     		.2byte	0x104
 564 015d 00000000 		.4byte	.LFB6
 565 0161 10000000 		.4byte	.LFE6-.LFB6
 566 0165 01       		.uleb128 0x1
 567 0166 9C       		.byte	0x9c
 568 0167 7C010000 		.4byte	0x17c
 569 016b 0E       		.uleb128 0xe
 570 016c 86010000 		.4byte	.LASF24
 571 0170 01       		.byte	0x1
 572 0171 0401     		.2byte	0x104
 573 0173 87000000 		.4byte	0x87
 574 0177 00000000 		.4byte	.LLST0
 575 017b 00       		.byte	0
 576 017c 0F       		.uleb128 0xf
 577 017d 71000000 		.4byte	.LASF26
 578 0181 01       		.byte	0x1
 579 0182 1A01     		.2byte	0x11a
 580 0184 87000000 		.4byte	0x87
 581 0188 00000000 		.4byte	.LFB7
 582 018c 0C000000 		.4byte	.LFE7-.LFB7
 583 0190 01       		.uleb128 0x1
 584 0191 9C       		.byte	0x9c
 585 0192 A7010000 		.4byte	0x1a7
 586 0196 10       		.uleb128 0x10
 587 0197 86010000 		.4byte	.LASF24
 588 019b 01       		.byte	0x1
 589 019c 1C01     		.2byte	0x11c
 590 019e 87000000 		.4byte	0x87
 591 01a2 21000000 		.4byte	.LLST1
 592 01a6 00       		.byte	0
 593 01a7 11       		.uleb128 0x11
 594 01a8 23020000 		.4byte	.LASF28
 595 01ac 01       		.byte	0x1
 596 01ad 3501     		.2byte	0x135
 597 01af 00000000 		.4byte	.LFB8
 598 01b3 0C000000 		.4byte	.LFE8-.LFB8
 599 01b7 01       		.uleb128 0x1
 600 01b8 9C       		.byte	0x9c
 601 01b9 12       		.uleb128 0x12
 602 01ba 2A000000 		.4byte	.LASF38
 603 01be 01       		.byte	0x1
 604 01bf 4A01     		.2byte	0x14a
 605 01c1 87000000 		.4byte	0x87
 606 01c5 00000000 		.4byte	.LFB9
 607 01c9 18000000 		.4byte	.LFE9-.LFB9
 608 01cd 01       		.uleb128 0x1
ARM GAS  C:\Users\jajuv\AppData\Local\Temp\cc110o0C.s 			page 19


 609 01ce 9C       		.byte	0x9c
 610 01cf 11       		.uleb128 0x11
 611 01d0 39000000 		.4byte	.LASF29
 612 01d4 01       		.byte	0x1
 613 01d5 5F01     		.2byte	0x15f
 614 01d7 00000000 		.4byte	.LFB10
 615 01db 0C000000 		.4byte	.LFE10-.LFB10
 616 01df 01       		.uleb128 0x1
 617 01e0 9C       		.byte	0x9c
 618 01e1 09       		.uleb128 0x9
 619 01e2 52000000 		.4byte	.LASF30
 620 01e6 01       		.byte	0x1
 621 01e7 3F       		.byte	0x3f
 622 01e8 00000000 		.4byte	.LFB0
 623 01ec 1C000000 		.4byte	.LFE0-.LFB0
 624 01f0 01       		.uleb128 0x1
 625 01f1 9C       		.byte	0x9c
 626 01f2 33020000 		.4byte	0x233
 627 01f6 13       		.uleb128 0x13
 628 01f7 06000000 		.4byte	.LVL7
 629 01fb CF010000 		.4byte	0x1cf
 630 01ff 14       		.uleb128 0x14
 631 0200 0C000000 		.4byte	.LVL8
 632 0204 F8000000 		.4byte	0xf8
 633 0208 16020000 		.4byte	0x216
 634 020c 15       		.uleb128 0x15
 635 020d 01       		.uleb128 0x1
 636 020e 50       		.byte	0x50
 637 020f 05       		.uleb128 0x5
 638 0210 03       		.byte	0x3
 639 0211 00000000 		.4byte	isr_1_Interrupt
 640 0215 00       		.byte	0
 641 0216 14       		.uleb128 0x14
 642 0217 12000000 		.4byte	.LVL9
 643 021b 55010000 		.4byte	0x155
 644 021f 29020000 		.4byte	0x229
 645 0223 15       		.uleb128 0x15
 646 0224 01       		.uleb128 0x1
 647 0225 50       		.byte	0x50
 648 0226 01       		.uleb128 0x1
 649 0227 37       		.byte	0x37
 650 0228 00       		.byte	0
 651 0229 13       		.uleb128 0x13
 652 022a 16000000 		.4byte	.LVL10
 653 022e A7010000 		.4byte	0x1a7
 654 0232 00       		.byte	0
 655 0233 09       		.uleb128 0x9
 656 0234 8F020000 		.4byte	.LASF31
 657 0238 01       		.byte	0x1
 658 0239 6A       		.byte	0x6a
 659 023a 00000000 		.4byte	.LFB1
 660 023e 1A000000 		.4byte	.LFE1-.LFB1
 661 0242 01       		.uleb128 0x1
 662 0243 9C       		.byte	0x9c
 663 0244 91020000 		.4byte	0x291
 664 0248 16       		.uleb128 0x16
 665 0249 E0010000 		.4byte	.LASF23
ARM GAS  C:\Users\jajuv\AppData\Local\Temp\cc110o0C.s 			page 20


 666 024d 01       		.byte	0x1
 667 024e 6A       		.byte	0x6a
 668 024f DB000000 		.4byte	0xdb
 669 0253 38000000 		.4byte	.LLST2
 670 0257 13       		.uleb128 0x13
 671 0258 08000000 		.4byte	.LVL12
 672 025c CF010000 		.4byte	0x1cf
 673 0260 14       		.uleb128 0x14
 674 0261 0E000000 		.4byte	.LVL13
 675 0265 F8000000 		.4byte	0xf8
 676 0269 74020000 		.4byte	0x274
 677 026d 15       		.uleb128 0x15
 678 026e 01       		.uleb128 0x1
 679 026f 50       		.byte	0x50
 680 0270 02       		.uleb128 0x2
 681 0271 74       		.byte	0x74
 682 0272 00       		.sleb128 0
 683 0273 00       		.byte	0
 684 0274 14       		.uleb128 0x14
 685 0275 14000000 		.4byte	.LVL14
 686 0279 55010000 		.4byte	0x155
 687 027d 87020000 		.4byte	0x287
 688 0281 15       		.uleb128 0x15
 689 0282 01       		.uleb128 0x1
 690 0283 50       		.byte	0x50
 691 0284 01       		.uleb128 0x1
 692 0285 37       		.byte	0x37
 693 0286 00       		.byte	0
 694 0287 13       		.uleb128 0x13
 695 0288 18000000 		.4byte	.LVL15
 696 028c A7010000 		.4byte	0x1a7
 697 0290 00       		.byte	0
 698 0291 09       		.uleb128 0x9
 699 0292 47000000 		.4byte	.LASF32
 700 0296 01       		.byte	0x1
 701 0297 88       		.byte	0x88
 702 0298 00000000 		.4byte	.LFB2
 703 029c 14000000 		.4byte	.LFE2-.LFB2
 704 02a0 01       		.uleb128 0x1
 705 02a1 9C       		.byte	0x9c
 706 02a2 B9020000 		.4byte	0x2b9
 707 02a6 13       		.uleb128 0x13
 708 02a7 06000000 		.4byte	.LVL16
 709 02ab CF010000 		.4byte	0x1cf
 710 02af 13       		.uleb128 0x13
 711 02b0 0C000000 		.4byte	.LVL17
 712 02b4 F8000000 		.4byte	0xf8
 713 02b8 00       		.byte	0
 714 02b9 11       		.uleb128 0x11
 715 02ba 19000000 		.4byte	.LASF33
 716 02be 01       		.byte	0x1
 717 02bf 7A01     		.2byte	0x17a
 718 02c1 00000000 		.4byte	.LFB11
 719 02c5 0C000000 		.4byte	.LFE11-.LFB11
 720 02c9 01       		.uleb128 0x1
 721 02ca 9C       		.byte	0x9c
 722 02cb 11       		.uleb128 0x11
ARM GAS  C:\Users\jajuv\AppData\Local\Temp\cc110o0C.s 			page 21


 723 02cc 00000000 		.4byte	.LASF34
 724 02d0 01       		.byte	0x1
 725 02d1 9301     		.2byte	0x193
 726 02d3 00000000 		.4byte	.LFB12
 727 02d7 0C000000 		.4byte	.LFE12-.LFB12
 728 02db 01       		.uleb128 0x1
 729 02dc 9C       		.byte	0x9c
 730 02dd 17       		.uleb128 0x17
 731 02de 83000000 		.4byte	.LASF39
 732 02e2 01       		.byte	0x1
 733 02e3 2C       		.byte	0x2c
 734 02e4 9F000000 		.4byte	0x9f
 735 02e8 00       		.byte	0
 736              		.section	.debug_abbrev,"",%progbits
 737              	.Ldebug_abbrev0:
 738 0000 01       		.uleb128 0x1
 739 0001 11       		.uleb128 0x11
 740 0002 01       		.byte	0x1
 741 0003 25       		.uleb128 0x25
 742 0004 0E       		.uleb128 0xe
 743 0005 13       		.uleb128 0x13
 744 0006 0B       		.uleb128 0xb
 745 0007 03       		.uleb128 0x3
 746 0008 0E       		.uleb128 0xe
 747 0009 1B       		.uleb128 0x1b
 748 000a 0E       		.uleb128 0xe
 749 000b 55       		.uleb128 0x55
 750 000c 17       		.uleb128 0x17
 751 000d 11       		.uleb128 0x11
 752 000e 01       		.uleb128 0x1
 753 000f 10       		.uleb128 0x10
 754 0010 17       		.uleb128 0x17
 755 0011 00       		.byte	0
 756 0012 00       		.byte	0
 757 0013 02       		.uleb128 0x2
 758 0014 24       		.uleb128 0x24
 759 0015 00       		.byte	0
 760 0016 0B       		.uleb128 0xb
 761 0017 0B       		.uleb128 0xb
 762 0018 3E       		.uleb128 0x3e
 763 0019 0B       		.uleb128 0xb
 764 001a 03       		.uleb128 0x3
 765 001b 08       		.uleb128 0x8
 766 001c 00       		.byte	0
 767 001d 00       		.byte	0
 768 001e 03       		.uleb128 0x3
 769 001f 24       		.uleb128 0x24
 770 0020 00       		.byte	0
 771 0021 0B       		.uleb128 0xb
 772 0022 0B       		.uleb128 0xb
 773 0023 3E       		.uleb128 0x3e
 774 0024 0B       		.uleb128 0xb
 775 0025 03       		.uleb128 0x3
 776 0026 0E       		.uleb128 0xe
 777 0027 00       		.byte	0
 778 0028 00       		.byte	0
 779 0029 04       		.uleb128 0x4
ARM GAS  C:\Users\jajuv\AppData\Local\Temp\cc110o0C.s 			page 22


 780 002a 0F       		.uleb128 0xf
 781 002b 00       		.byte	0
 782 002c 0B       		.uleb128 0xb
 783 002d 0B       		.uleb128 0xb
 784 002e 49       		.uleb128 0x49
 785 002f 13       		.uleb128 0x13
 786 0030 00       		.byte	0
 787 0031 00       		.byte	0
 788 0032 05       		.uleb128 0x5
 789 0033 15       		.uleb128 0x15
 790 0034 00       		.byte	0
 791 0035 27       		.uleb128 0x27
 792 0036 19       		.uleb128 0x19
 793 0037 00       		.byte	0
 794 0038 00       		.byte	0
 795 0039 06       		.uleb128 0x6
 796 003a 16       		.uleb128 0x16
 797 003b 00       		.byte	0
 798 003c 03       		.uleb128 0x3
 799 003d 0E       		.uleb128 0xe
 800 003e 3A       		.uleb128 0x3a
 801 003f 0B       		.uleb128 0xb
 802 0040 3B       		.uleb128 0x3b
 803 0041 05       		.uleb128 0x5
 804 0042 49       		.uleb128 0x49
 805 0043 13       		.uleb128 0x13
 806 0044 00       		.byte	0
 807 0045 00       		.byte	0
 808 0046 07       		.uleb128 0x7
 809 0047 35       		.uleb128 0x35
 810 0048 00       		.byte	0
 811 0049 49       		.uleb128 0x49
 812 004a 13       		.uleb128 0x13
 813 004b 00       		.byte	0
 814 004c 00       		.byte	0
 815 004d 08       		.uleb128 0x8
 816 004e 2E       		.uleb128 0x2e
 817 004f 00       		.byte	0
 818 0050 3F       		.uleb128 0x3f
 819 0051 19       		.uleb128 0x19
 820 0052 03       		.uleb128 0x3
 821 0053 0E       		.uleb128 0xe
 822 0054 3A       		.uleb128 0x3a
 823 0055 0B       		.uleb128 0xb
 824 0056 3B       		.uleb128 0x3b
 825 0057 0B       		.uleb128 0xb
 826 0058 27       		.uleb128 0x27
 827 0059 19       		.uleb128 0x19
 828 005a 11       		.uleb128 0x11
 829 005b 01       		.uleb128 0x1
 830 005c 12       		.uleb128 0x12
 831 005d 06       		.uleb128 0x6
 832 005e 40       		.uleb128 0x40
 833 005f 18       		.uleb128 0x18
 834 0060 9742     		.uleb128 0x2117
 835 0062 19       		.uleb128 0x19
 836 0063 00       		.byte	0
ARM GAS  C:\Users\jajuv\AppData\Local\Temp\cc110o0C.s 			page 23


 837 0064 00       		.byte	0
 838 0065 09       		.uleb128 0x9
 839 0066 2E       		.uleb128 0x2e
 840 0067 01       		.byte	0x1
 841 0068 3F       		.uleb128 0x3f
 842 0069 19       		.uleb128 0x19
 843 006a 03       		.uleb128 0x3
 844 006b 0E       		.uleb128 0xe
 845 006c 3A       		.uleb128 0x3a
 846 006d 0B       		.uleb128 0xb
 847 006e 3B       		.uleb128 0x3b
 848 006f 0B       		.uleb128 0xb
 849 0070 27       		.uleb128 0x27
 850 0071 19       		.uleb128 0x19
 851 0072 11       		.uleb128 0x11
 852 0073 01       		.uleb128 0x1
 853 0074 12       		.uleb128 0x12
 854 0075 06       		.uleb128 0x6
 855 0076 40       		.uleb128 0x40
 856 0077 18       		.uleb128 0x18
 857 0078 9742     		.uleb128 0x2117
 858 007a 19       		.uleb128 0x19
 859 007b 01       		.uleb128 0x1
 860 007c 13       		.uleb128 0x13
 861 007d 00       		.byte	0
 862 007e 00       		.byte	0
 863 007f 0A       		.uleb128 0xa
 864 0080 05       		.uleb128 0x5
 865 0081 00       		.byte	0
 866 0082 03       		.uleb128 0x3
 867 0083 0E       		.uleb128 0xe
 868 0084 3A       		.uleb128 0x3a
 869 0085 0B       		.uleb128 0xb
 870 0086 3B       		.uleb128 0x3b
 871 0087 0B       		.uleb128 0xb
 872 0088 49       		.uleb128 0x49
 873 0089 13       		.uleb128 0x13
 874 008a 02       		.uleb128 0x2
 875 008b 18       		.uleb128 0x18
 876 008c 00       		.byte	0
 877 008d 00       		.byte	0
 878 008e 0B       		.uleb128 0xb
 879 008f 34       		.uleb128 0x34
 880 0090 00       		.byte	0
 881 0091 03       		.uleb128 0x3
 882 0092 0E       		.uleb128 0xe
 883 0093 3A       		.uleb128 0x3a
 884 0094 0B       		.uleb128 0xb
 885 0095 3B       		.uleb128 0x3b
 886 0096 0B       		.uleb128 0xb
 887 0097 49       		.uleb128 0x49
 888 0098 13       		.uleb128 0x13
 889 0099 02       		.uleb128 0x2
 890 009a 18       		.uleb128 0x18
 891 009b 00       		.byte	0
 892 009c 00       		.byte	0
 893 009d 0C       		.uleb128 0xc
ARM GAS  C:\Users\jajuv\AppData\Local\Temp\cc110o0C.s 			page 24


 894 009e 2E       		.uleb128 0x2e
 895 009f 01       		.byte	0x1
 896 00a0 3F       		.uleb128 0x3f
 897 00a1 19       		.uleb128 0x19
 898 00a2 03       		.uleb128 0x3
 899 00a3 0E       		.uleb128 0xe
 900 00a4 3A       		.uleb128 0x3a
 901 00a5 0B       		.uleb128 0xb
 902 00a6 3B       		.uleb128 0x3b
 903 00a7 0B       		.uleb128 0xb
 904 00a8 27       		.uleb128 0x27
 905 00a9 19       		.uleb128 0x19
 906 00aa 49       		.uleb128 0x49
 907 00ab 13       		.uleb128 0x13
 908 00ac 11       		.uleb128 0x11
 909 00ad 01       		.uleb128 0x1
 910 00ae 12       		.uleb128 0x12
 911 00af 06       		.uleb128 0x6
 912 00b0 40       		.uleb128 0x40
 913 00b1 18       		.uleb128 0x18
 914 00b2 9742     		.uleb128 0x2117
 915 00b4 19       		.uleb128 0x19
 916 00b5 01       		.uleb128 0x1
 917 00b6 13       		.uleb128 0x13
 918 00b7 00       		.byte	0
 919 00b8 00       		.byte	0
 920 00b9 0D       		.uleb128 0xd
 921 00ba 2E       		.uleb128 0x2e
 922 00bb 01       		.byte	0x1
 923 00bc 3F       		.uleb128 0x3f
 924 00bd 19       		.uleb128 0x19
 925 00be 03       		.uleb128 0x3
 926 00bf 0E       		.uleb128 0xe
 927 00c0 3A       		.uleb128 0x3a
 928 00c1 0B       		.uleb128 0xb
 929 00c2 3B       		.uleb128 0x3b
 930 00c3 05       		.uleb128 0x5
 931 00c4 27       		.uleb128 0x27
 932 00c5 19       		.uleb128 0x19
 933 00c6 11       		.uleb128 0x11
 934 00c7 01       		.uleb128 0x1
 935 00c8 12       		.uleb128 0x12
 936 00c9 06       		.uleb128 0x6
 937 00ca 40       		.uleb128 0x40
 938 00cb 18       		.uleb128 0x18
 939 00cc 9742     		.uleb128 0x2117
 940 00ce 19       		.uleb128 0x19
 941 00cf 01       		.uleb128 0x1
 942 00d0 13       		.uleb128 0x13
 943 00d1 00       		.byte	0
 944 00d2 00       		.byte	0
 945 00d3 0E       		.uleb128 0xe
 946 00d4 05       		.uleb128 0x5
 947 00d5 00       		.byte	0
 948 00d6 03       		.uleb128 0x3
 949 00d7 0E       		.uleb128 0xe
 950 00d8 3A       		.uleb128 0x3a
ARM GAS  C:\Users\jajuv\AppData\Local\Temp\cc110o0C.s 			page 25


 951 00d9 0B       		.uleb128 0xb
 952 00da 3B       		.uleb128 0x3b
 953 00db 05       		.uleb128 0x5
 954 00dc 49       		.uleb128 0x49
 955 00dd 13       		.uleb128 0x13
 956 00de 02       		.uleb128 0x2
 957 00df 17       		.uleb128 0x17
 958 00e0 00       		.byte	0
 959 00e1 00       		.byte	0
 960 00e2 0F       		.uleb128 0xf
 961 00e3 2E       		.uleb128 0x2e
 962 00e4 01       		.byte	0x1
 963 00e5 3F       		.uleb128 0x3f
 964 00e6 19       		.uleb128 0x19
 965 00e7 03       		.uleb128 0x3
 966 00e8 0E       		.uleb128 0xe
 967 00e9 3A       		.uleb128 0x3a
 968 00ea 0B       		.uleb128 0xb
 969 00eb 3B       		.uleb128 0x3b
 970 00ec 05       		.uleb128 0x5
 971 00ed 27       		.uleb128 0x27
 972 00ee 19       		.uleb128 0x19
 973 00ef 49       		.uleb128 0x49
 974 00f0 13       		.uleb128 0x13
 975 00f1 11       		.uleb128 0x11
 976 00f2 01       		.uleb128 0x1
 977 00f3 12       		.uleb128 0x12
 978 00f4 06       		.uleb128 0x6
 979 00f5 40       		.uleb128 0x40
 980 00f6 18       		.uleb128 0x18
 981 00f7 9742     		.uleb128 0x2117
 982 00f9 19       		.uleb128 0x19
 983 00fa 01       		.uleb128 0x1
 984 00fb 13       		.uleb128 0x13
 985 00fc 00       		.byte	0
 986 00fd 00       		.byte	0
 987 00fe 10       		.uleb128 0x10
 988 00ff 34       		.uleb128 0x34
 989 0100 00       		.byte	0
 990 0101 03       		.uleb128 0x3
 991 0102 0E       		.uleb128 0xe
 992 0103 3A       		.uleb128 0x3a
 993 0104 0B       		.uleb128 0xb
 994 0105 3B       		.uleb128 0x3b
 995 0106 05       		.uleb128 0x5
 996 0107 49       		.uleb128 0x49
 997 0108 13       		.uleb128 0x13
 998 0109 02       		.uleb128 0x2
 999 010a 17       		.uleb128 0x17
 1000 010b 00       		.byte	0
 1001 010c 00       		.byte	0
 1002 010d 11       		.uleb128 0x11
 1003 010e 2E       		.uleb128 0x2e
 1004 010f 00       		.byte	0
 1005 0110 3F       		.uleb128 0x3f
 1006 0111 19       		.uleb128 0x19
 1007 0112 03       		.uleb128 0x3
ARM GAS  C:\Users\jajuv\AppData\Local\Temp\cc110o0C.s 			page 26


 1008 0113 0E       		.uleb128 0xe
 1009 0114 3A       		.uleb128 0x3a
 1010 0115 0B       		.uleb128 0xb
 1011 0116 3B       		.uleb128 0x3b
 1012 0117 05       		.uleb128 0x5
 1013 0118 27       		.uleb128 0x27
 1014 0119 19       		.uleb128 0x19
 1015 011a 11       		.uleb128 0x11
 1016 011b 01       		.uleb128 0x1
 1017 011c 12       		.uleb128 0x12
 1018 011d 06       		.uleb128 0x6
 1019 011e 40       		.uleb128 0x40
 1020 011f 18       		.uleb128 0x18
 1021 0120 9742     		.uleb128 0x2117
 1022 0122 19       		.uleb128 0x19
 1023 0123 00       		.byte	0
 1024 0124 00       		.byte	0
 1025 0125 12       		.uleb128 0x12
 1026 0126 2E       		.uleb128 0x2e
 1027 0127 00       		.byte	0
 1028 0128 3F       		.uleb128 0x3f
 1029 0129 19       		.uleb128 0x19
 1030 012a 03       		.uleb128 0x3
 1031 012b 0E       		.uleb128 0xe
 1032 012c 3A       		.uleb128 0x3a
 1033 012d 0B       		.uleb128 0xb
 1034 012e 3B       		.uleb128 0x3b
 1035 012f 05       		.uleb128 0x5
 1036 0130 27       		.uleb128 0x27
 1037 0131 19       		.uleb128 0x19
 1038 0132 49       		.uleb128 0x49
 1039 0133 13       		.uleb128 0x13
 1040 0134 11       		.uleb128 0x11
 1041 0135 01       		.uleb128 0x1
 1042 0136 12       		.uleb128 0x12
 1043 0137 06       		.uleb128 0x6
 1044 0138 40       		.uleb128 0x40
 1045 0139 18       		.uleb128 0x18
 1046 013a 9742     		.uleb128 0x2117
 1047 013c 19       		.uleb128 0x19
 1048 013d 00       		.byte	0
 1049 013e 00       		.byte	0
 1050 013f 13       		.uleb128 0x13
 1051 0140 898201   		.uleb128 0x4109
 1052 0143 00       		.byte	0
 1053 0144 11       		.uleb128 0x11
 1054 0145 01       		.uleb128 0x1
 1055 0146 31       		.uleb128 0x31
 1056 0147 13       		.uleb128 0x13
 1057 0148 00       		.byte	0
 1058 0149 00       		.byte	0
 1059 014a 14       		.uleb128 0x14
 1060 014b 898201   		.uleb128 0x4109
 1061 014e 01       		.byte	0x1
 1062 014f 11       		.uleb128 0x11
 1063 0150 01       		.uleb128 0x1
 1064 0151 31       		.uleb128 0x31
ARM GAS  C:\Users\jajuv\AppData\Local\Temp\cc110o0C.s 			page 27


 1065 0152 13       		.uleb128 0x13
 1066 0153 01       		.uleb128 0x1
 1067 0154 13       		.uleb128 0x13
 1068 0155 00       		.byte	0
 1069 0156 00       		.byte	0
 1070 0157 15       		.uleb128 0x15
 1071 0158 8A8201   		.uleb128 0x410a
 1072 015b 00       		.byte	0
 1073 015c 02       		.uleb128 0x2
 1074 015d 18       		.uleb128 0x18
 1075 015e 9142     		.uleb128 0x2111
 1076 0160 18       		.uleb128 0x18
 1077 0161 00       		.byte	0
 1078 0162 00       		.byte	0
 1079 0163 16       		.uleb128 0x16
 1080 0164 05       		.uleb128 0x5
 1081 0165 00       		.byte	0
 1082 0166 03       		.uleb128 0x3
 1083 0167 0E       		.uleb128 0xe
 1084 0168 3A       		.uleb128 0x3a
 1085 0169 0B       		.uleb128 0xb
 1086 016a 3B       		.uleb128 0x3b
 1087 016b 0B       		.uleb128 0xb
 1088 016c 49       		.uleb128 0x49
 1089 016d 13       		.uleb128 0x13
 1090 016e 02       		.uleb128 0x2
 1091 016f 17       		.uleb128 0x17
 1092 0170 00       		.byte	0
 1093 0171 00       		.byte	0
 1094 0172 17       		.uleb128 0x17
 1095 0173 34       		.uleb128 0x34
 1096 0174 00       		.byte	0
 1097 0175 03       		.uleb128 0x3
 1098 0176 0E       		.uleb128 0xe
 1099 0177 3A       		.uleb128 0x3a
 1100 0178 0B       		.uleb128 0xb
 1101 0179 3B       		.uleb128 0x3b
 1102 017a 0B       		.uleb128 0xb
 1103 017b 49       		.uleb128 0x49
 1104 017c 13       		.uleb128 0x13
 1105 017d 3F       		.uleb128 0x3f
 1106 017e 19       		.uleb128 0x19
 1107 017f 3C       		.uleb128 0x3c
 1108 0180 19       		.uleb128 0x19
 1109 0181 00       		.byte	0
 1110 0182 00       		.byte	0
 1111 0183 00       		.byte	0
 1112              		.section	.debug_loc,"",%progbits
 1113              	.Ldebug_loc0:
 1114              	.LLST0:
 1115 0000 00000000 		.4byte	.LVL3
 1116 0004 02000000 		.4byte	.LVL4
 1117 0008 0100     		.2byte	0x1
 1118 000a 50       		.byte	0x50
 1119 000b 02000000 		.4byte	.LVL4
 1120 000f 10000000 		.4byte	.LFE6
 1121 0013 0400     		.2byte	0x4
ARM GAS  C:\Users\jajuv\AppData\Local\Temp\cc110o0C.s 			page 28


 1122 0015 F3       		.byte	0xf3
 1123 0016 01       		.uleb128 0x1
 1124 0017 50       		.byte	0x50
 1125 0018 9F       		.byte	0x9f
 1126 0019 00000000 		.4byte	0
 1127 001d 00000000 		.4byte	0
 1128              	.LLST1:
 1129 0021 04000000 		.4byte	.LVL5
 1130 0025 06000000 		.4byte	.LVL6
 1131 0029 0500     		.2byte	0x5
 1132 002b 70       		.byte	0x70
 1133 002c 00       		.sleb128 0
 1134 002d 35       		.byte	0x35
 1135 002e 25       		.byte	0x25
 1136 002f 9F       		.byte	0x9f
 1137 0030 00000000 		.4byte	0
 1138 0034 00000000 		.4byte	0
 1139              	.LLST2:
 1140 0038 00000000 		.4byte	.LVL11
 1141 003c 07000000 		.4byte	.LVL12-1
 1142 0040 0100     		.2byte	0x1
 1143 0042 50       		.byte	0x50
 1144 0043 07000000 		.4byte	.LVL12-1
 1145 0047 1A000000 		.4byte	.LFE1
 1146 004b 0100     		.2byte	0x1
 1147 004d 54       		.byte	0x54
 1148 004e 00000000 		.4byte	0
 1149 0052 00000000 		.4byte	0
 1150              		.section	.debug_aranges,"",%progbits
 1151 0000 7C000000 		.4byte	0x7c
 1152 0004 0200     		.2byte	0x2
 1153 0006 00000000 		.4byte	.Ldebug_info0
 1154 000a 04       		.byte	0x4
 1155 000b 00       		.byte	0
 1156 000c 0000     		.2byte	0
 1157 000e 0000     		.2byte	0
 1158 0010 00000000 		.4byte	.LFB3
 1159 0014 0C000000 		.4byte	.LFE3-.LFB3
 1160 0018 00000000 		.4byte	.LFB4
 1161 001c 0C000000 		.4byte	.LFE4-.LFB4
 1162 0020 00000000 		.4byte	.LFB5
 1163 0024 0C000000 		.4byte	.LFE5-.LFB5
 1164 0028 00000000 		.4byte	.LFB6
 1165 002c 10000000 		.4byte	.LFE6-.LFB6
 1166 0030 00000000 		.4byte	.LFB7
 1167 0034 0C000000 		.4byte	.LFE7-.LFB7
 1168 0038 00000000 		.4byte	.LFB8
 1169 003c 0C000000 		.4byte	.LFE8-.LFB8
 1170 0040 00000000 		.4byte	.LFB9
 1171 0044 18000000 		.4byte	.LFE9-.LFB9
 1172 0048 00000000 		.4byte	.LFB10
 1173 004c 0C000000 		.4byte	.LFE10-.LFB10
 1174 0050 00000000 		.4byte	.LFB0
 1175 0054 1C000000 		.4byte	.LFE0-.LFB0
 1176 0058 00000000 		.4byte	.LFB1
 1177 005c 1A000000 		.4byte	.LFE1-.LFB1
 1178 0060 00000000 		.4byte	.LFB2
ARM GAS  C:\Users\jajuv\AppData\Local\Temp\cc110o0C.s 			page 29


 1179 0064 14000000 		.4byte	.LFE2-.LFB2
 1180 0068 00000000 		.4byte	.LFB11
 1181 006c 0C000000 		.4byte	.LFE11-.LFB11
 1182 0070 00000000 		.4byte	.LFB12
 1183 0074 0C000000 		.4byte	.LFE12-.LFB12
 1184 0078 00000000 		.4byte	0
 1185 007c 00000000 		.4byte	0
 1186              		.section	.debug_ranges,"",%progbits
 1187              	.Ldebug_ranges0:
 1188 0000 00000000 		.4byte	.LFB3
 1189 0004 0C000000 		.4byte	.LFE3
 1190 0008 00000000 		.4byte	.LFB4
 1191 000c 0C000000 		.4byte	.LFE4
 1192 0010 00000000 		.4byte	.LFB5
 1193 0014 0C000000 		.4byte	.LFE5
 1194 0018 00000000 		.4byte	.LFB6
 1195 001c 10000000 		.4byte	.LFE6
 1196 0020 00000000 		.4byte	.LFB7
 1197 0024 0C000000 		.4byte	.LFE7
 1198 0028 00000000 		.4byte	.LFB8
 1199 002c 0C000000 		.4byte	.LFE8
 1200 0030 00000000 		.4byte	.LFB9
 1201 0034 18000000 		.4byte	.LFE9
 1202 0038 00000000 		.4byte	.LFB10
 1203 003c 0C000000 		.4byte	.LFE10
 1204 0040 00000000 		.4byte	.LFB0
 1205 0044 1C000000 		.4byte	.LFE0
 1206 0048 00000000 		.4byte	.LFB1
 1207 004c 1A000000 		.4byte	.LFE1
 1208 0050 00000000 		.4byte	.LFB2
 1209 0054 14000000 		.4byte	.LFE2
 1210 0058 00000000 		.4byte	.LFB11
 1211 005c 0C000000 		.4byte	.LFE11
 1212 0060 00000000 		.4byte	.LFB12
 1213 0064 0C000000 		.4byte	.LFE12
 1214 0068 00000000 		.4byte	0
 1215 006c 00000000 		.4byte	0
 1216              		.section	.debug_line,"",%progbits
 1217              	.Ldebug_line0:
 1218 0000 2F010000 		.section	.debug_str,"MS",%progbits,1
 1218      02004200 
 1218      00000201 
 1218      FB0E0D00 
 1218      01010101 
 1219              	.LASF34:
 1220 0000 6973725F 		.ascii	"isr_1_ClearPending\000"
 1220      315F436C 
 1220      65617250 
 1220      656E6469 
 1220      6E6700
 1221              	.LASF18:
 1222 0013 72656733 		.ascii	"reg32\000"
 1222      3200
 1223              	.LASF33:
 1224 0019 6973725F 		.ascii	"isr_1_SetPending\000"
 1224      315F5365 
 1224      7450656E 
ARM GAS  C:\Users\jajuv\AppData\Local\Temp\cc110o0C.s 			page 30


 1224      64696E67 
 1224      00
 1225              	.LASF38:
 1226 002a 6973725F 		.ascii	"isr_1_GetState\000"
 1226      315F4765 
 1226      74537461 
 1226      746500
 1227              	.LASF29:
 1228 0039 6973725F 		.ascii	"isr_1_Disable\000"
 1228      315F4469 
 1228      7361626C 
 1228      6500
 1229              	.LASF32:
 1230 0047 6973725F 		.ascii	"isr_1_Stop\000"
 1230      315F5374 
 1230      6F7000
 1231              	.LASF30:
 1232 0052 6973725F 		.ascii	"isr_1_Start\000"
 1232      315F5374 
 1232      61727400 
 1233              	.LASF6:
 1234 005e 73686F72 		.ascii	"short unsigned int\000"
 1234      7420756E 
 1234      7369676E 
 1234      65642069 
 1234      6E7400
 1235              	.LASF26:
 1236 0071 6973725F 		.ascii	"isr_1_GetPriority\000"
 1236      315F4765 
 1236      74507269 
 1236      6F726974 
 1236      7900
 1237              	.LASF39:
 1238 0083 6B696C6C 		.ascii	"kill_flag\000"
 1238      5F666C61 
 1238      6700
 1239              	.LASF15:
 1240 008d 666C6F61 		.ascii	"float\000"
 1240      7400
 1241              	.LASF37:
 1242 0093 433A5C63 		.ascii	"C:\\code\\PSOC\\PSoCLabs\\Excercise2\\johannesPSoC5"
 1242      6F64655C 
 1242      50534F43 
 1242      5C50536F 
 1242      434C6162 
 1243 00c1 53657276 		.ascii	"Servo.cydsn\000"
 1243      6F2E6379 
 1243      64736E00 
 1244              	.LASF4:
 1245 00cd 756E7369 		.ascii	"unsigned char\000"
 1245      676E6564 
 1245      20636861 
 1245      7200
 1246              	.LASF35:
 1247 00db 474E5520 		.ascii	"GNU C11 5.4.1 20160609 (release) [ARM/embedded-5-br"
 1247      43313120 
 1247      352E342E 
ARM GAS  C:\Users\jajuv\AppData\Local\Temp\cc110o0C.s 			page 31


 1247      31203230 
 1247      31363036 
 1248 010e 616E6368 		.ascii	"anch revision 237715] -mcpu=cortex-m3 -mthumb -g -O"
 1248      20726576 
 1248      6973696F 
 1248      6E203233 
 1248      37373135 
 1249 0141 67202D66 		.ascii	"g -ffunction-sections -ffat-lto-objects\000"
 1249      66756E63 
 1249      74696F6E 
 1249      2D736563 
 1249      74696F6E 
 1250              	.LASF17:
 1251 0169 72656738 		.ascii	"reg8\000"
 1251      00
 1252              	.LASF8:
 1253 016e 6C6F6E67 		.ascii	"long unsigned int\000"
 1253      20756E73 
 1253      69676E65 
 1253      6420696E 
 1253      7400
 1254              	.LASF12:
 1255 0180 75696E74 		.ascii	"uint8\000"
 1255      3800
 1256              	.LASF24:
 1257 0186 7072696F 		.ascii	"priority\000"
 1257      72697479 
 1257      00
 1258              	.LASF16:
 1259 018f 646F7562 		.ascii	"double\000"
 1259      6C6500
 1260              	.LASF22:
 1261 0196 6973725F 		.ascii	"isr_1_SetPriority\000"
 1261      315F5365 
 1261      74507269 
 1261      6F726974 
 1261      7900
 1262              	.LASF14:
 1263 01a8 696E7438 		.ascii	"int8\000"
 1263      00
 1264              	.LASF36:
 1265 01ad 47656E65 		.ascii	"Generated_Source\\PSoC5\\isr_1.c\000"
 1265      72617465 
 1265      645F536F 
 1265      75726365 
 1265      5C50536F 
 1266              	.LASF13:
 1267 01cc 75696E74 		.ascii	"uint32\000"
 1267      333200
 1268              	.LASF0:
 1269 01d3 756E7369 		.ascii	"unsigned int\000"
 1269      676E6564 
 1269      20696E74 
 1269      00
 1270              	.LASF23:
 1271 01e0 61646472 		.ascii	"address\000"
 1271      65737300 
ARM GAS  C:\Users\jajuv\AppData\Local\Temp\cc110o0C.s 			page 32


 1272              	.LASF9:
 1273 01e8 6C6F6E67 		.ascii	"long long unsigned int\000"
 1273      206C6F6E 
 1273      6720756E 
 1273      7369676E 
 1273      65642069 
 1274              	.LASF19:
 1275 01ff 63796973 		.ascii	"cyisraddress\000"
 1275      72616464 
 1275      72657373 
 1275      00
 1276              	.LASF10:
 1277 020c 73697A65 		.ascii	"sizetype\000"
 1277      74797065 
 1277      00
 1278              	.LASF1:
 1279 0215 6C6F6E67 		.ascii	"long long int\000"
 1279      206C6F6E 
 1279      6720696E 
 1279      7400
 1280              	.LASF28:
 1281 0223 6973725F 		.ascii	"isr_1_Enable\000"
 1281      315F456E 
 1281      61626C65 
 1281      00
 1282              	.LASF11:
 1283 0230 63686172 		.ascii	"char\000"
 1283      00
 1284              	.LASF20:
 1285 0235 72616D56 		.ascii	"ramVectorTable\000"
 1285      6563746F 
 1285      72546162 
 1285      6C6500
 1286              	.LASF5:
 1287 0244 73686F72 		.ascii	"short int\000"
 1287      7420696E 
 1287      7400
 1288              	.LASF25:
 1289 024e 6973725F 		.ascii	"isr_1_GetVector\000"
 1289      315F4765 
 1289      74566563 
 1289      746F7200 
 1290              	.LASF27:
 1291 025e 6973725F 		.ascii	"isr_1_Interrupt\000"
 1291      315F496E 
 1291      74657272 
 1291      75707400 
 1292              	.LASF7:
 1293 026e 6C6F6E67 		.ascii	"long int\000"
 1293      20696E74 
 1293      00
 1294              	.LASF2:
 1295 0277 6C6F6E67 		.ascii	"long double\000"
 1295      20646F75 
 1295      626C6500 
 1296              	.LASF3:
 1297 0283 7369676E 		.ascii	"signed char\000"
ARM GAS  C:\Users\jajuv\AppData\Local\Temp\cc110o0C.s 			page 33


 1297      65642063 
 1297      68617200 
 1298              	.LASF31:
 1299 028f 6973725F 		.ascii	"isr_1_StartEx\000"
 1299      315F5374 
 1299      61727445 
 1299      7800
 1300              	.LASF21:
 1301 029d 6973725F 		.ascii	"isr_1_SetVector\000"
 1301      315F5365 
 1301      74566563 
 1301      746F7200 
 1302              		.ident	"GCC: (GNU Tools for ARM Embedded Processors) 5.4.1 20160609 (release) [ARM/embedded-5-bran
